[Block Diagram Listing]
Header=Hypersignal for Windows Block Diagram Application, Block Listing
Version=4.00
Block Count=31
Horizontal Scroll Position=0
Vertical Scroll Position=0
Manual Compile=0
Block Library1=Simulation Library
Block Name1=Constant Generator 1
DLL Name1=CONST.DLL
Block Type1=2
Block Class1=0
Layer1=-1
Position1=731,212,763,244
Input Count1=0
Output Count1=1
Parameter Count1=0
Block Library2=Simulation Library
Block Name2=Constant Generator 5
DLL Name2=CONST.DLL
Block Type2=2
Block Class2=0
Layer2=-1
Position2=831,218,863,250
Input Count2=0
Output Count2=1
Parameter Count2=0
Block Library3=Simulation Library
Block Name3=Constant Generator 6
DLL Name3=CONST.DLL
Block Type3=2
Block Class3=0
Layer3=-1
Position3=906,219,938,251
Input Count3=0
Output Count3=1
Parameter Count3=0
Block Library4=Instrumentation Library
Block Name4=Numeric Entry 2
DLL Name4=Numentry.dll
Block Type4=9
Block Class4=0
Layer4=-1
Position4=42,253,242,352
Input Count4=0
Output Count4=1
Parameter Count4=0
Block Library5=Simulation Library
Block Name5=Modulus 1
DLL Name5=MOD.DLL
Block Label5=Mod2
Block Type5=2
Block Class5=0
Layer5=-1
Position5=1023,264,1055,296
Input Count5=1
Output Count5=1
Parameter Count5=0
Block5,Input Channel 0=Numeric Entry 2,Output Channel 0
Block Library6=Simulation Library
Block Name6=Divide 1
DLL Name6=DIVIDE.DLL
Block Type6=2
Block Class6=0
Layer6=-1
Position6=710,165,743,195
Input Count6=2
Output Count6=1
Parameter Count6=0
Block6,Input Channel 0=Divide 13,Output Channel 0
Block6,Input Channel 1=Constant Generator 1,Output Channel 0
Block Library7=Instrumentation Library
Block Name7=LED 8
DLL Name7=LEDvi.dll
Block Label7=1 (1)
Block Type7=12
Block Class7=0
Layer7=-1
Position7=1486,474,1548,531
Input Count7=1
Output Count7=0
Parameter Count7=0
Block7,Input Channel 0=Modulus 1,Output Channel 0
Block Library8=Simulation Library
Block Name8=Divide 5
DLL Name8=DIVIDE.DLL
Block Type8=2
Block Class8=0
Layer8=-1
Position8=815,166,848,196
Input Count8=2
Output Count8=1
Parameter Count8=0
Block8,Input Channel 0=Divide 1,Output Channel 0
Block8,Input Channel 1=Constant Generator 5,Output Channel 0
Block Library9=Simulation Library
Block Name9=Divide 6
DLL Name9=DIVIDE.DLL
Block Type9=2
Block Class9=0
Layer9=-1
Position9=903,167,936,197
Input Count9=2
Output Count9=1
Parameter Count9=0
Block9,Input Channel 0=Divide 5,Output Channel 0
Block9,Input Channel 1=Constant Generator 6,Output Channel 0
Block Library10=Simulation Library
Block Name10=Modulus 7
DLL Name10=MOD.DLL
Block Label10=Mod2
Block Type10=2
Block Class10=0
Layer10=-1
Position10=765,257,797,289
Input Count10=1
Output Count10=1
Parameter Count10=0
Block10,Input Channel 0=Divide 1,Output Channel 0
Block Library11=Simulation Library
Block Name11=Modulus 8
DLL Name11=MOD.DLL
Block Label11=Mod2
Block Type11=2
Block Class11=0
Layer11=-1
Position11=853,260,885,292
Input Count11=1
Output Count11=1
Parameter Count11=0
Block11,Input Channel 0=Divide 5,Output Channel 0
Block Library12=Simulation Library
Block Name12=Modulus 9
DLL Name12=MOD.DLL
Block Label12=Mod2
Block Type12=2
Block Class12=0
Layer12=-1
Position12=935,260,967,292
Input Count12=1
Output Count12=1
Parameter Count12=0
Block12,Input Channel 0=Divide 6,Output Channel 0
Block Library13=Instrumentation Library
Block Name13=LED 1
DLL Name13=LEDvi.dll
Block Label13=7 (64)
Block Type13=12
Block Class13=0
Layer13=-1
Position13=904,478,967,539
Input Count13=1
Output Count13=0
Parameter Count13=0
Block13,Input Channel 0=Modulus 8,Output Channel 0
Block Library14=Instrumentation Library
Block Name14=LED 6
DLL Name14=LEDvi.dll
Block Label14=8 (128)
Block Type14=12
Block Class14=0
Layer14=-1
Position14=799,480,861,537
Input Count14=1
Output Count14=0
Parameter Count14=0
Block14,Input Channel 0=Modulus 9,Output Channel 0
Block Library15=Instrumentation Library
Block Name15=LED 7
DLL Name15=LEDvi.dll
Block Label15=6 (32)
Block Type15=12
Block Class15=0
Layer15=-1
Position15=1008,474,1070,531
Input Count15=1
Output Count15=0
Parameter Count15=0
Block15,Input Channel 0=Modulus 7,Output Channel 0
Block Library16=Simulation Library
Block Name16=Constant Generator 10
DLL Name16=CONST.DLL
Block Type16=2
Block Class16=0
Layer16=-1
Position16=339,421,371,453
Input Count16=0
Output Count16=1
Parameter Count16=0
Block Library17=Simulation Library
Block Name17=Constant Generator 11
DLL Name17=CONST.DLL
Block Type17=2
Block Class17=0
Layer17=-1
Position17=439,427,471,459
Input Count17=0
Output Count17=1
Parameter Count17=0
Block Library18=Simulation Library
Block Name18=Constant Generator 12
DLL Name18=CONST.DLL
Block Type18=2
Block Class18=0
Layer18=-1
Position18=514,428,546,460
Input Count18=0
Output Count18=1
Parameter Count18=0
Block Library19=Simulation Library
Block Name19=Divide 10
DLL Name19=DIVIDE.DLL
Block Type19=2
Block Class19=0
Layer19=-1
Position19=318,374,351,404
Input Count19=2
Output Count19=1
Parameter Count19=0
Block19,Input Channel 0=Numeric Entry 2,Output Channel 0
Block19,Input Channel 1=Constant Generator 10,Output Channel 0
Block Library20=Simulation Library
Block Name20=Divide 11
DLL Name20=DIVIDE.DLL
Block Type20=2
Block Class20=0
Layer20=-1
Position20=423,375,456,405
Input Count20=2
Output Count20=1
Parameter Count20=0
Block20,Input Channel 0=Divide 10,Output Channel 0
Block20,Input Channel 1=Constant Generator 11,Output Channel 0
Block Library21=Simulation Library
Block Name21=Divide 12
DLL Name21=DIVIDE.DLL
Block Type21=2
Block Class21=0
Layer21=-1
Position21=492,376,525,406
Input Count21=2
Output Count21=1
Parameter Count21=0
Block21,Input Channel 0=Divide 11,Output Channel 0
Block21,Input Channel 1=Constant Generator 12,Output Channel 0
Block Library22=Simulation Library
Block Name22=Modulus 14
DLL Name22=MOD.DLL
Block Label22=Mod2
Block Type22=2
Block Class22=0
Layer22=-1
Position22=374,466,406,498
Input Count22=1
Output Count22=1
Parameter Count22=0
Block22,Input Channel 0=Divide 10,Output Channel 0
Block Library23=Simulation Library
Block Name23=Modulus 15
DLL Name23=MOD.DLL
Block Label23=Mod2
Block Type23=2
Block Class23=0
Layer23=-1
Position23=459,469,491,501
Input Count23=1
Output Count23=1
Parameter Count23=0
Block23,Input Channel 0=Divide 11,Output Channel 0
Block Library24=Simulation Library
Block Name24=Modulus 16
DLL Name24=MOD.DLL
Block Label24=Mod2
Block Type24=2
Block Class24=0
Layer24=-1
Position24=542,469,574,501
Input Count24=1
Output Count24=1
Parameter Count24=0
Block24,Input Channel 0=Divide 12,Output Channel 0
Block Library25=Instrumentation Library
Block Name25=LED 13
DLL Name25=LEDvi.dll
Block Label25=3 (4)
Block Type25=12
Block Class25=0
Layer25=-1
Position25=1290,475,1353,536
Input Count25=1
Output Count25=0
Parameter Count25=0
Block25,Input Channel 0=Modulus 15,Output Channel 0
Block Library26=Instrumentation Library
Block Name26=LED 14
DLL Name26=LEDvi.dll
Block Label26=4 (8)
Block Type26=12
Block Class26=0
Layer26=-1
Position26=1204,479,1266,536
Input Count26=1
Output Count26=0
Parameter Count26=0
Block26,Input Channel 0=Modulus 16,Output Channel 0
Block Library27=Instrumentation Library
Block Name27=LED 15
DLL Name27=LEDvi.dll
Block Label27=2 (2)
Block Type27=12
Block Class27=0
Layer27=-1
Position27=1391,478,1453,535
Input Count27=1
Output Count27=0
Parameter Count27=0
Block27,Input Channel 0=Modulus 14,Output Channel 0
Block Library28=Simulation Library
Block Name28=Constant Generator 13
DLL Name28=CONST.DLL
Block Type28=2
Block Class28=0
Layer28=-1
Position28=608,428,640,460
Input Count28=0
Output Count28=1
Parameter Count28=0
Block Library29=Simulation Library
Block Name29=Divide 13
DLL Name29=DIVIDE.DLL
Block Type29=2
Block Class29=0
Layer29=-1
Position29=585,376,618,406
Input Count29=2
Output Count29=1
Parameter Count29=0
Block29,Input Channel 0=Divide 12,Output Channel 0
Block29,Input Channel 1=Constant Generator 13,Output Channel 0
Block Library30=Simulation Library
Block Name30=Modulus 13
DLL Name30=MOD.DLL
Block Label30=Mod2
Block Type30=2
Block Class30=0
Layer30=-1
Position30=631,473,663,505
Input Count30=1
Output Count30=1
Parameter Count30=0
Block30,Input Channel 0=Divide 13,Output Channel 0
Block Library31=Instrumentation Library
Block Name31=LED 12
DLL Name31=LEDvi.dll
Block Label31=5 (16)
Block Type31=12
Block Class31=0
Layer31=-1
Position31=1109,472,1171,529
Input Count31=1
Output Count31=0
Parameter Count31=0
Block31,Input Channel 0=Modulus 13,Output Channel 0

[Variables]
Num=2
Var1=Framesize
Value1=256
Var2=Sample Rate
Value2=8000.0

[Environment]
Undo Buffer Size=30

[Layers]
Current Layer=-1
Mode=1
Num=1
Label1=

[Constant Generator 1]
Version=4.00
Precision=0
Framesize=256
FramesizeOut0=256
RCFlagOut0=0
DTFlagOut0=0
SampFreqOut0=8000.0
_Amplitude=2.0
_ofFrames=0
_SampleRate=8000.0

[Constant Generator 5]
Version=4.00
Precision=0
Framesize=256
FramesizeOut0=256
RCFlagOut0=0
DTFlagOut0=0
SampFreqOut0=8000.0
_Amplitude=2.0
_ofFrames=0
_SampleRate=8000.0

[Constant Generator 6]
Version=4.00
Precision=0
Framesize=256
FramesizeOut0=256
RCFlagOut0=0
DTFlagOut0=0
SampFreqOut0=8000.0
_Amplitude=2.0
_ofFrames=0
_SampleRate=8000.0

[Numeric Entry 2]
Version=4.00
Precision=0
Framesize=256
FramesizeOut0=256
RCFlagOut0=0
DTFlagOut0=0
SampFreqOut0=8000.0
_DecimalPrecision=1
DisplayString=44
TextColor=255,255,255
BackgroundColor=0,0,0
Font=-27,0,0,0,400,0,0,0,0,3,2,1,34,Arial

[Modulus 1]
Version=4.00
Precision=0
Framesize=256
FramesizeIn0=256
RCFlagIn0=0
DTFlagIn0=0
SampFreqIn0=8000.0
FramesizeOut0=256
RCFlagOut0=0
DTFlagOut0=0
SampFreqOut0=8000.0
_ModulusValue=2

[Divide 1]
Version=4.00
Precision=6
Framesize=256
FramesizeIn0=256
RCFlagIn0=0
DTFlagIn0=6
SampFreqIn0=8000.0
FramesizeIn1=256
RCFlagIn1=0
DTFlagIn1=0
SampFreqIn1=8000.0
FramesizeOut0=256
RCFlagOut0=0
DTFlagOut0=6
SampFreqOut0=8000.0
_SmallFramesize=302
_FramesizeWarning=305

[LED 8]
Version=4.00
Precision=0
Framesize=256
FramesizeIn0=256
RCFlagIn0=0
DTFlagIn0=0
SampFreqIn0=8000.0
_Threshold=0.5

[Divide 5]
Version=4.00
Precision=6
Framesize=256
FramesizeIn0=256
RCFlagIn0=0
DTFlagIn0=6
SampFreqIn0=8000.0
FramesizeIn1=256
RCFlagIn1=0
DTFlagIn1=0
SampFreqIn1=8000.0
FramesizeOut0=256
RCFlagOut0=0
DTFlagOut0=6
SampFreqOut0=8000.0
_SmallFramesize=302
_FramesizeWarning=305

[Divide 6]
Version=4.00
Precision=6
Framesize=256
FramesizeIn0=256
RCFlagIn0=0
DTFlagIn0=6
SampFreqIn0=8000.0
FramesizeIn1=256
RCFlagIn1=0
DTFlagIn1=0
SampFreqIn1=8000.0
FramesizeOut0=256
RCFlagOut0=0
DTFlagOut0=6
SampFreqOut0=8000.0
_SmallFramesize=302
_FramesizeWarning=305

[Modulus 7]
Version=4.00
Precision=0
Framesize=256
FramesizeIn0=256
RCFlagIn0=0
DTFlagIn0=6
SampFreqIn0=8000.0
FramesizeOut0=256
RCFlagOut0=0
DTFlagOut0=0
SampFreqOut0=8000.0
_ModulusValue=2

[Modulus 8]
Version=4.00
Precision=0
Framesize=256
FramesizeIn0=256
RCFlagIn0=0
DTFlagIn0=6
SampFreqIn0=8000.0
FramesizeOut0=256
RCFlagOut0=0
DTFlagOut0=0
SampFreqOut0=8000.0
_ModulusValue=2

[Modulus 9]
Version=4.00
Precision=0
Framesize=256
FramesizeIn0=256
RCFlagIn0=0
DTFlagIn0=6
SampFreqIn0=8000.0
FramesizeOut0=256
RCFlagOut0=0
DTFlagOut0=0
SampFreqOut0=8000.0
_ModulusValue=2

[LED 1]
Version=4.00
Precision=0
Framesize=256
FramesizeIn0=256
RCFlagIn0=0
DTFlagIn0=0
SampFreqIn0=8000.0
_Threshold=0.5

[LED 6]
Version=4.00
Precision=0
Framesize=256
FramesizeIn0=256
RCFlagIn0=0
DTFlagIn0=0
SampFreqIn0=8000.0
_Threshold=0.5

[LED 7]
Version=4.00
Precision=0
Framesize=256
FramesizeIn0=256
RCFlagIn0=0
DTFlagIn0=0
SampFreqIn0=8000.0
_Threshold=0.5

[Constant Generator 10]
Version=4.00
Precision=0
Framesize=256
FramesizeOut0=256
RCFlagOut0=0
DTFlagOut0=0
SampFreqOut0=8000.0
_Amplitude=2.0
_ofFrames=0
_SampleRate=8000.0

[Constant Generator 11]
Version=4.00
Precision=0
Framesize=256
FramesizeOut0=256
RCFlagOut0=0
DTFlagOut0=0
SampFreqOut0=8000.0
_Amplitude=2.0
_ofFrames=0
_SampleRate=8000.0

[Constant Generator 12]
Version=4.00
Precision=0
Framesize=256
FramesizeOut0=256
RCFlagOut0=0
DTFlagOut0=0
SampFreqOut0=8000.0
_Amplitude=2.0
_ofFrames=0
_SampleRate=8000.0

[Divide 10]
Version=4.00
Precision=6
Framesize=256
FramesizeIn0=256
RCFlagIn0=0
DTFlagIn0=0
SampFreqIn0=8000.0
FramesizeIn1=256
RCFlagIn1=0
DTFlagIn1=0
SampFreqIn1=8000.0
FramesizeOut0=256
RCFlagOut0=0
DTFlagOut0=6
SampFreqOut0=8000.0
_SmallFramesize=302
_FramesizeWarning=305

[Divide 11]
Version=4.00
Precision=6
Framesize=256
FramesizeIn0=256
RCFlagIn0=0
DTFlagIn0=6
SampFreqIn0=8000.0
FramesizeIn1=256
RCFlagIn1=0
DTFlagIn1=0
SampFreqIn1=8000.0
FramesizeOut0=256
RCFlagOut0=0
DTFlagOut0=6
SampFreqOut0=8000.0
_SmallFramesize=302
_FramesizeWarning=305

[Divide 12]
Version=4.00
Precision=6
Framesize=256
FramesizeIn0=256
RCFlagIn0=0
DTFlagIn0=6
SampFreqIn0=8000.0
FramesizeIn1=256
RCFlagIn1=0
DTFlagIn1=0
SampFreqIn1=8000.0
FramesizeOut0=256
RCFlagOut0=0
DTFlagOut0=6
SampFreqOut0=8000.0
_SmallFramesize=302
_FramesizeWarning=305

[Modulus 14]
Version=4.00
Precision=0
Framesize=256
FramesizeIn0=256
RCFlagIn0=0
DTFlagIn0=6
SampFreqIn0=8000.0
FramesizeOut0=256
RCFlagOut0=0
DTFlagOut0=0
SampFreqOut0=8000.0
_ModulusValue=2

[Modulus 15]
Version=4.00
Precision=0
Framesize=256
FramesizeIn0=256
RCFlagIn0=0
DTFlagIn0=6
SampFreqIn0=8000.0
FramesizeOut0=256
RCFlagOut0=0
DTFlagOut0=0
SampFreqOut0=8000.0
_ModulusValue=2

[Modulus 16]
Version=4.00
Precision=0
Framesize=256
FramesizeIn0=256
RCFlagIn0=0
DTFlagIn0=6
SampFreqIn0=8000.0
FramesizeOut0=256
RCFlagOut0=0
DTFlagOut0=0
SampFreqOut0=8000.0
_ModulusValue=2

[LED 13]
Version=4.00
Precision=0
Framesize=256
FramesizeIn0=256
RCFlagIn0=0
DTFlagIn0=0
SampFreqIn0=8000.0
_Threshold=0.5

[LED 14]
Version=4.00
Precision=0
Framesize=256
FramesizeIn0=256
RCFlagIn0=0
DTFlagIn0=0
SampFreqIn0=8000.0
_Threshold=0.5

[LED 15]
Version=4.00
Precision=0
Framesize=256
FramesizeIn0=256
RCFlagIn0=0
DTFlagIn0=0
SampFreqIn0=8000.0
_Threshold=0.5

[Constant Generator 13]
Version=4.00
Precision=0
Framesize=256
FramesizeOut0=256
RCFlagOut0=0
DTFlagOut0=0
SampFreqOut0=8000.0
_Amplitude=2.0
_ofFrames=0
_SampleRate=8000.0

[Divide 13]
Version=4.00
Precision=6
Framesize=256
FramesizeIn0=256
RCFlagIn0=0
DTFlagIn0=6
SampFreqIn0=8000.0
FramesizeIn1=256
RCFlagIn1=0
DTFlagIn1=0
SampFreqIn1=8000.0
FramesizeOut0=256
RCFlagOut0=0
DTFlagOut0=6
SampFreqOut0=8000.0
_SmallFramesize=302
_FramesizeWarning=305

[Modulus 13]
Version=4.00
Precision=0
Framesize=256
FramesizeIn0=256
RCFlagIn0=0
DTFlagIn0=6
SampFreqIn0=8000.0
FramesizeOut0=256
RCFlagOut0=0
DTFlagOut0=0
SampFreqOut0=8000.0
_ModulusValue=2

[LED 12]
Version=4.00
Precision=0
Framesize=256
FramesizeIn0=256
RCFlagIn0=0
DTFlagIn0=0
SampFreqIn0=8000.0
_Threshold=0.5

